src/core/PromptMethods.ts(1347,11): error TS6133: 'articulationPoints' is declared but its value is never read.
src/core/MapperService.ts(235,11): error TS6133: 'highSupportClaims' is declared but its value is never read.
src/core/MapperService.ts(236,11): error TS6133: 'lowSupportClaims' is declared but its value is never read.
